../Core/Src/ILI9341_16bit.c:14:7:Write_Cmd_Data	16	static
../Core/Src/ILI9341_16bit.c:34:6:Write_Cmd	16	static
../Core/Src/ILI9341_16bit.c:49:6:Write_Data	16	static
../Core/Src/ILI9341_16bit.c:65:6:ILI9341_Initial	8	static
../Core/Src/ILI9341_16bit.c:218:6:Enter_Sleep	8	static
../Core/Src/ILI9341_16bit.c:224:6:Exit_Sleep	8	static
../Core/Src/ILI9341_16bit.c:233:6:LCD_SetPos	24	static
../Core/Src/ILI9341_16bit.c:250:6:ClearScreen	24	static
../Core/Src/ILI9341_16bit.c:268:6:LCD_DrawPixel	16	static
../Core/Src/ILI9341_16bit.c:274:6:LCD_Fill_Rect	40	static
../Core/Src/ILI9341_16bit.c:284:6:LCD_drawDiagonalLine	56	static
../Core/Src/ILI9341_16bit.c:304:6:drawBroadLine	72	static
../Core/Src/ILI9341_16bit.c:320:6:LCD_drawFastHLine	32	static
../Core/Src/ILI9341_16bit.c:330:6:LCD_drawFastVLine	32	static
../Core/Src/ILI9341_16bit.c:340:6:swap	24	static
../Core/Src/ILI9341_16bit.c:346:6:LCD_drawFilledTriangle	56	static
../Core/Src/ILI9341_16bit.c:395:6:LCD_Rect	24	static
../Core/Src/ILI9341_16bit.c:402:6:LCD_drawCircle	40	static
../Core/Src/ILI9341_16bit.c:435:6:LCD_drawUpperHalfCircle	40	static
../Core/Src/ILI9341_16bit.c:468:13:fillCircleHelper	40	static
../Core/Src/ILI9341_16bit.c:497:20:_swap_int16_t	24	static
../Core/Src/ILI9341_16bit.c:503:6:ILI9341_DrawFastHLine	32	static
../Core/Src/ILI9341_16bit.c:510:6:GFX_FillTriangle	56	static
../Core/Src/ILI9341_16bit.c:564:6:LCD_drawGaugePointer	96	static
../Core/Src/ILI9341_16bit.c:584:6:LCD_fillArc	64	static
../Core/Src/ILI9341_16bit.c:600:6:LCD_fillCircle	32	static
../Core/Src/ILI9341_16bit.c:609:6:drawPointer	80	static
../Core/Src/ILI9341_16bit.c:627:13:LCD_WriteChar	32	static
../Core/Src/ILI9341_16bit.c:647:9:ILI9341_getRotation	4	static
../Core/Src/ILI9341_16bit.c:652:6:LCD_WriteString	144	static
../Core/Src/ILI9341_16bit.c:687:6:LCD_DrawImage	32	static
../Core/Src/ILI9341_16bit.c:700:6:setRotation	16	static
